python : --- Logging error ---
At line:1 char:1
+ python tests/installer/final_integration_test.py > test_output.txt 2> ...
+ ~~~~~~~~~~~~~~~~~~~~~~~~~~~~~~~~~~~~~~~~~~~~~~~~~~~~~~~~~~~~~~~~~~~~~
    + CategoryInfo          : NotSpecified: (--- Logging error ---:String) [], RemoteException
    + FullyQualifiedErrorId : NativeCommandError
 
Traceback (most recent call last):
  File "C:\Program Files\WindowsApps\PythonSoftwareFoundation.Python.3.12_3.12.2800.0_x64__qbz5n2kfra8p0\Lib\logging\__init__.py", line 1163, 
in emit
    stream.write(msg + self.terminator)
  File "C:\Program Files\WindowsApps\PythonSoftwareFoundation.Python.3.12_3.12.2800.0_x64__qbz5n2kfra8p0\Lib\encodings\cp1252.py", line 19, in 
encode
    return codecs.charmap_encode(input,self.errors,encoding_table)[0]
           ^^^^^^^^^^^^^^^^^^^^^^^^^^^^^^^^^^^^^^^^^^^^^^^^^^^^^^^
UnicodeEncodeError: 'charmap' codec can't encode character '\U0001f680' in position 33: character maps to <undefined>
Call stack:
  File "C:\Users\Smoke\Downloads\BTCsoloApp\tests\installer\final_integration_test.py", line 1041, in <module>
    main()
  File "C:\Users\Smoke\Downloads\BTCsoloApp\tests\installer\final_integration_test.py", line 1006, in main
    logger.info("\U0001f680 Starting final integration testing...")
Message: '\U0001f680 Starting final integration testing...'
Arguments: ()
2025-09-16 20:31:01,651 - INFO - \U0001f680 Starting final integration testing...
--- Logging error ---
Traceback (most recent call last):
  File "C:\Program Files\WindowsApps\PythonSoftwareFoundation.Python.3.12_3.12.2800.0_x64__qbz5n2kfra8p0\Lib\logging\__init__.py", line 1163, 
in emit
    stream.write(msg + self.terminator)
  File "C:\Program Files\WindowsApps\PythonSoftwareFoundation.Python.3.12_3.12.2800.0_x64__qbz5n2kfra8p0\Lib\encodings\cp1252.py", line 19, in 
encode
    return codecs.charmap_encode(input,self.errors,encoding_table)[0]
           ^^^^^^^^^^^^^^^^^^^^^^^^^^^^^^^^^^^^^^^^^^^^^^^^^^^^^^^
UnicodeEncodeError: 'charmap' codec can't encode character '\U0001f680' in position 33: character maps to <undefined>
Call stack:
  File "C:\Users\Smoke\Downloads\BTCsoloApp\tests\installer\final_integration_test.py", line 1041, in <module>
    main()
  File "C:\Users\Smoke\Downloads\BTCsoloApp\tests\installer\final_integration_test.py", line 1007, in main
    results = tester.run_comprehensive_testing()
  File "C:\Users\Smoke\Downloads\BTCsoloApp\tests\installer\final_integration_test.py", line 69, in run_comprehensive_testing
    logger.info("\U0001f680 Starting comprehensive final integration testing")
Message: '\U0001f680 Starting comprehensive final integration testing'
Arguments: ()
2025-09-16 20:31:01,655 - INFO - \U0001f680 Starting comprehensive final integration testing
--- Logging error ---
Traceback (most recent call last):
  File "C:\Program Files\WindowsApps\PythonSoftwareFoundation.Python.3.12_3.12.2800.0_x64__qbz5n2kfra8p0\Lib\logging\__init__.py", line 1163, 
in emit
    stream.write(msg + self.terminator)
  File "C:\Program Files\WindowsApps\PythonSoftwareFoundation.Python.3.12_3.12.2800.0_x64__qbz5n2kfra8p0\Lib\encodings\cp1252.py", line 19, in 
encode
    return codecs.charmap_encode(input,self.errors,encoding_table)[0]
           ^^^^^^^^^^^^^^^^^^^^^^^^^^^^^^^^^^^^^^^^^^^^^^^^^^^^^^^
UnicodeEncodeError: 'charmap' codec can't encode character '\U0001f4e6' in position 33: character maps to <undefined>
Call stack:
  File "C:\Users\Smoke\Downloads\BTCsoloApp\tests\installer\final_integration_test.py", line 1041, in <module>
    main()
  File "C:\Users\Smoke\Downloads\BTCsoloApp\tests\installer\final_integration_test.py", line 1007, in main
    results = tester.run_comprehensive_testing()
  File "C:\Users\Smoke\Downloads\BTCsoloApp\tests\installer\final_integration_test.py", line 73, in run_comprehensive_testing
    logger.info("\U0001f4e6 Testing platform installers...")
Message: '\U0001f4e6 Testing platform installers...'
Arguments: ()
2025-09-16 20:31:01,656 - INFO - \U0001f4e6 Testing platform installers...
--- Logging error ---
Traceback (most recent call last):
  File "C:\Program Files\WindowsApps\PythonSoftwareFoundation.Python.3.12_3.12.2800.0_x64__qbz5n2kfra8p0\Lib\logging\__init__.py", line 1163, 
in emit
    stream.write(msg + self.terminator)
  File "C:\Program Files\WindowsApps\PythonSoftwareFoundation.Python.3.12_3.12.2800.0_x64__qbz5n2kfra8p0\Lib\encodings\cp1252.py", line 19, in 
encode
    return codecs.charmap_encode(input,self.errors,encoding_table)[0]
           ^^^^^^^^^^^^^^^^^^^^^^^^^^^^^^^^^^^^^^^^^^^^^^^^^^^^^^^
UnicodeEncodeError: 'charmap' codec can't encode character '\U0001f527' in position 33: character maps to <undefined>
Call stack:
  File "C:\Users\Smoke\Downloads\BTCsoloApp\tests\installer\final_integration_test.py", line 1041, in <module>
    main()
  File "C:\Users\Smoke\Downloads\BTCsoloApp\tests\installer\final_integration_test.py", line 1007, in main
    results = tester.run_comprehensive_testing()
  File "C:\Users\Smoke\Downloads\BTCsoloApp\tests\installer\final_integration_test.py", line 74, in run_comprehensive_testing
    platform_results = self._test_platform_installers()
  File "C:\Users\Smoke\Downloads\BTCsoloApp\tests\installer\final_integration_test.py", line 127, in _test_platform_installers
    logger.info(f"\U0001f527 Testing {platform} installer...")
Message: '\U0001f527 Testing windows installer...'
Arguments: ()
2025-09-16 20:31:01,657 - INFO - \U0001f527 Testing windows installer...
--- Logging error ---
Traceback (most recent call last):
  File "C:\Program Files\WindowsApps\PythonSoftwareFoundation.Python.3.12_3.12.2800.0_x64__qbz5n2kfra8p0\Lib\logging\__init__.py", line 1163, 
in emit
    stream.write(msg + self.terminator)
  File "C:\Program Files\WindowsApps\PythonSoftwareFoundation.Python.3.12_3.12.2800.0_x64__qbz5n2kfra8p0\Lib\encodings\cp1252.py", line 19, in 
encode
    return codecs.charmap_encode(input,self.errors,encoding_table)[0]
           ^^^^^^^^^^^^^^^^^^^^^^^^^^^^^^^^^^^^^^^^^^^^^^^^^^^^^^^
UnicodeEncodeError: 'charmap' codec can't encode character '\U0001f527' in position 33: character maps to <undefined>
Call stack:
  File "C:\Users\Smoke\Downloads\BTCsoloApp\tests\installer\final_integration_test.py", line 1041, in <module>
    main()
  File "C:\Users\Smoke\Downloads\BTCsoloApp\tests\installer\final_integration_test.py", line 1007, in main
    results = tester.run_comprehensive_testing()
  File "C:\Users\Smoke\Downloads\BTCsoloApp\tests\installer\final_integration_test.py", line 74, in run_comprehensive_testing
    platform_results = self._test_platform_installers()
  File "C:\Users\Smoke\Downloads\BTCsoloApp\tests\installer\final_integration_test.py", line 127, in _test_platform_installers
    logger.info(f"\U0001f527 Testing {platform} installer...")
Message: '\U0001f527 Testing macos installer...'
Arguments: ()
2025-09-16 20:31:01,673 - INFO - \U0001f527 Testing macos installer...
--- Logging error ---
Traceback (most recent call last):
  File "C:\Program Files\WindowsApps\PythonSoftwareFoundation.Python.3.12_3.12.2800.0_x64__qbz5n2kfra8p0\Lib\logging\__init__.py", line 1163, 
in emit
    stream.write(msg + self.terminator)
  File "C:\Program Files\WindowsApps\PythonSoftwareFoundation.Python.3.12_3.12.2800.0_x64__qbz5n2kfra8p0\Lib\encodings\cp1252.py", line 19, in 
encode
    return codecs.charmap_encode(input,self.errors,encoding_table)[0]
           ^^^^^^^^^^^^^^^^^^^^^^^^^^^^^^^^^^^^^^^^^^^^^^^^^^^^^^^
UnicodeEncodeError: 'charmap' codec can't encode character '\U0001f527' in position 33: character maps to <undefined>
Call stack:
  File "C:\Users\Smoke\Downloads\BTCsoloApp\tests\installer\final_integration_test.py", line 1041, in <module>
    main()
  File "C:\Users\Smoke\Downloads\BTCsoloApp\tests\installer\final_integration_test.py", line 1007, in main
    results = tester.run_comprehensive_testing()
  File "C:\Users\Smoke\Downloads\BTCsoloApp\tests\installer\final_integration_test.py", line 74, in run_comprehensive_testing
    platform_results = self._test_platform_installers()
  File "C:\Users\Smoke\Downloads\BTCsoloApp\tests\installer\final_integration_test.py", line 127, in _test_platform_installers
    logger.info(f"\U0001f527 Testing {platform} installer...")
Message: '\U0001f527 Testing linux installer...'
Arguments: ()
2025-09-16 20:31:01,685 - INFO - \U0001f527 Testing linux installer...
--- Logging error ---
Traceback (most recent call last):
  File "C:\Program Files\WindowsApps\PythonSoftwareFoundation.Python.3.12_3.12.2800.0_x64__qbz5n2kfra8p0\Lib\logging\__init__.py", line 1163, 
in emit
    stream.write(msg + self.terminator)
  File "C:\Program Files\WindowsApps\PythonSoftwareFoundation.Python.3.12_3.12.2800.0_x64__qbz5n2kfra8p0\Lib\encodings\cp1252.py", line 19, in 
encode
    return codecs.charmap_encode(input,self.errors,encoding_table)[0]
           ^^^^^^^^^^^^^^^^^^^^^^^^^^^^^^^^^^^^^^^^^^^^^^^^^^^^^^^
UnicodeEncodeError: 'charmap' codec can't encode character '\U0001f50d' in position 33: character maps to <undefined>
Call stack:
  File "C:\Users\Smoke\Downloads\BTCsoloApp\tests\installer\final_integration_test.py", line 1041, in <module>
    main()
  File "C:\Users\Smoke\Downloads\BTCsoloApp\tests\installer\final_integration_test.py", line 1007, in main
    results = tester.run_comprehensive_testing()
  File "C:\Users\Smoke\Downloads\BTCsoloApp\tests\installer\final_integration_test.py", line 78, in run_comprehensive_testing
    logger.info("\U0001f50d Validating community verification processes...")
Message: '\U0001f50d Validating community verification processes...'
Arguments: ()
2025-09-16 20:31:01,704 - INFO - \U0001f50d Validating community verification processes...
--- Logging error ---
Traceback (most recent call last):
  File "C:\Program Files\WindowsApps\PythonSoftwareFoundation.Python.3.12_3.12.2800.0_x64__qbz5n2kfra8p0\Lib\logging\__init__.py", line 1163, 
in emit
    stream.write(msg + self.terminator)
  File "C:\Program Files\WindowsApps\PythonSoftwareFoundation.Python.3.12_3.12.2800.0_x64__qbz5n2kfra8p0\Lib\encodings\cp1252.py", line 19, in 
encode
    return codecs.charmap_encode(input,self.errors,encoding_table)[0]
           ^^^^^^^^^^^^^^^^^^^^^^^^^^^^^^^^^^^^^^^^^^^^^^^^^^^^^^^
UnicodeEncodeError: 'charmap' codec can't encode character '\U0001f50d' in position 33: character maps to <undefined>
Call stack:
  File "C:\Users\Smoke\Downloads\BTCsoloApp\tests\installer\final_integration_test.py", line 1041, in <module>
    main()
  File "C:\Users\Smoke\Downloads\BTCsoloApp\tests\installer\final_integration_test.py", line 1007, in main
    results = tester.run_comprehensive_testing()
  File "C:\Users\Smoke\Downloads\BTCsoloApp\tests\installer\final_integration_test.py", line 79, in run_comprehensive_testing
    verification_results = self._validate_community_verification()
  File "C:\Users\Smoke\Downloads\BTCsoloApp\tests\installer\final_integration_test.py", line 361, in _validate_community_verification
    logger.info(f"\U0001f50d Validating {component}...")
Message: '\U0001f50d Validating verification_tools...'
Arguments: ()
2025-09-16 20:31:01,705 - INFO - \U0001f50d Validating verification_tools...
--- Logging error ---
Traceback (most recent call last):
  File "C:\Program Files\WindowsApps\PythonSoftwareFoundation.Python.3.12_3.12.2800.0_x64__qbz5n2kfra8p0\Lib\logging\__init__.py", line 1163, 
in emit
    stream.write(msg + self.terminator)
  File "C:\Program Files\WindowsApps\PythonSoftwareFoundation.Python.3.12_3.12.2800.0_x64__qbz5n2kfra8p0\Lib\encodings\cp1252.py", line 19, in 
encode
    return codecs.charmap_encode(input,self.errors,encoding_table)[0]
           ^^^^^^^^^^^^^^^^^^^^^^^^^^^^^^^^^^^^^^^^^^^^^^^^^^^^^^^
UnicodeEncodeError: 'charmap' codec can't encode character '\U0001f50d' in position 33: character maps to <undefined>
Call stack:
  File "C:\Users\Smoke\Downloads\BTCsoloApp\tests\installer\final_integration_test.py", line 1041, in <module>
    main()
  File "C:\Users\Smoke\Downloads\BTCsoloApp\tests\installer\final_integration_test.py", line 1007, in main
    results = tester.run_comprehensive_testing()
  File "C:\Users\Smoke\Downloads\BTCsoloApp\tests\installer\final_integration_test.py", line 79, in run_comprehensive_testing
    verification_results = self._validate_community_verification()
  File "C:\Users\Smoke\Downloads\BTCsoloApp\tests\installer\final_integration_test.py", line 361, in _validate_community_verification
    logger.info(f"\U0001f50d Validating {component}...")
Message: '\U0001f50d Validating documentation...'
Arguments: ()
2025-09-16 20:31:01,706 - INFO - \U0001f50d Validating documentation...
--- Logging error ---
Traceback (most recent call last):
  File "C:\Program Files\WindowsApps\PythonSoftwareFoundation.Python.3.12_3.12.2800.0_x64__qbz5n2kfra8p0\Lib\logging\__init__.py", line 1163, 
in emit
    stream.write(msg + self.terminator)
  File "C:\Program Files\WindowsApps\PythonSoftwareFoundation.Python.3.12_3.12.2800.0_x64__qbz5n2kfra8p0\Lib\encodings\cp1252.py", line 19, in 
encode
    return codecs.charmap_encode(input,self.errors,encoding_table)[0]
           ^^^^^^^^^^^^^^^^^^^^^^^^^^^^^^^^^^^^^^^^^^^^^^^^^^^^^^^
UnicodeEncodeError: 'charmap' codec can't encode character '\U0001f50d' in position 33: character maps to <undefined>
Call stack:
  File "C:\Users\Smoke\Downloads\BTCsoloApp\tests\installer\final_integration_test.py", line 1041, in <module>
    main()
  File "C:\Users\Smoke\Downloads\BTCsoloApp\tests\installer\final_integration_test.py", line 1007, in main
    results = tester.run_comprehensive_testing()
  File "C:\Users\Smoke\Downloads\BTCsoloApp\tests\installer\final_integration_test.py", line 79, in run_comprehensive_testing
    verification_results = self._validate_community_verification()
  File "C:\Users\Smoke\Downloads\BTCsoloApp\tests\installer\final_integration_test.py", line 361, in _validate_community_verification
    logger.info(f"\U0001f50d Validating {component}...")
Message: '\U0001f50d Validating checksum_generation...'
Arguments: ()
2025-09-16 20:31:01,724 - INFO - \U0001f50d Validating checksum_generation...
--- Logging error ---
Traceback (most recent call last):
  File "C:\Program Files\WindowsApps\PythonSoftwareFoundation.Python.3.12_3.12.2800.0_x64__qbz5n2kfra8p0\Lib\logging\__init__.py", line 1163, 
in emit
    stream.write(msg + self.terminator)
  File "C:\Program Files\WindowsApps\PythonSoftwareFoundation.Python.3.12_3.12.2800.0_x64__qbz5n2kfra8p0\Lib\encodings\cp1252.py", line 19, in 
encode
    return codecs.charmap_encode(input,self.errors,encoding_table)[0]
           ^^^^^^^^^^^^^^^^^^^^^^^^^^^^^^^^^^^^^^^^^^^^^^^^^^^^^^^
UnicodeEncodeError: 'charmap' codec can't encode character '\U0001f50d' in position 33: character maps to <undefined>
Call stack:
  File "C:\Users\Smoke\Downloads\BTCsoloApp\tests\installer\final_integration_test.py", line 1041, in <module>
    main()
  File "C:\Users\Smoke\Downloads\BTCsoloApp\tests\installer\final_integration_test.py", line 1007, in main
    results = tester.run_comprehensive_testing()
  File "C:\Users\Smoke\Downloads\BTCsoloApp\tests\installer\final_integration_test.py", line 79, in run_comprehensive_testing
    verification_results = self._validate_community_verification()
  File "C:\Users\Smoke\Downloads\BTCsoloApp\tests\installer\final_integration_test.py", line 361, in _validate_community_verification
    logger.info(f"\U0001f50d Validating {component}...")
Message: '\U0001f50d Validating reproducible_builds...'
Arguments: ()
2025-09-16 20:31:01,728 - INFO - \U0001f50d Validating reproducible_builds...
--- Logging error ---
Traceback (most recent call last):
  File "C:\Program Files\WindowsApps\PythonSoftwareFoundation.Python.3.12_3.12.2800.0_x64__qbz5n2kfra8p0\Lib\logging\__init__.py", line 1163, 
in emit
    stream.write(msg + self.terminator)
  File "C:\Program Files\WindowsApps\PythonSoftwareFoundation.Python.3.12_3.12.2800.0_x64__qbz5n2kfra8p0\Lib\encodings\cp1252.py", line 19, in 
encode
    return codecs.charmap_encode(input,self.errors,encoding_table)[0]
           ^^^^^^^^^^^^^^^^^^^^^^^^^^^^^^^^^^^^^^^^^^^^^^^^^^^^^^^
UnicodeEncodeError: 'charmap' codec can't encode character '\U0001f50d' in position 33: character maps to <undefined>
Call stack:
  File "C:\Users\Smoke\Downloads\BTCsoloApp\tests\installer\final_integration_test.py", line 1041, in <module>
    main()
  File "C:\Users\Smoke\Downloads\BTCsoloApp\tests\installer\final_integration_test.py", line 1007, in main
    results = tester.run_comprehensive_testing()
  File "C:\Users\Smoke\Downloads\BTCsoloApp\tests\installer\final_integration_test.py", line 79, in run_comprehensive_testing
    verification_results = self._validate_community_verification()
  File "C:\Users\Smoke\Downloads\BTCsoloApp\tests\installer\final_integration_test.py", line 361, in _validate_community_verification
    logger.info(f"\U0001f50d Validating {component}...")
Message: '\U0001f50d Validating community_guidelines...'
Arguments: ()
2025-09-16 20:31:01,738 - INFO - \U0001f50d Validating community_guidelines...
--- Logging error ---
Traceback (most recent call last):
  File "C:\Program Files\WindowsApps\PythonSoftwareFoundation.Python.3.12_3.12.2800.0_x64__qbz5n2kfra8p0\Lib\logging\__init__.py", line 1163, 
in emit
    stream.write(msg + self.terminator)
  File "C:\Program Files\WindowsApps\PythonSoftwareFoundation.Python.3.12_3.12.2800.0_x64__qbz5n2kfra8p0\Lib\encodings\cp1252.py", line 19, in 
encode
    return codecs.charmap_encode(input,self.errors,encoding_table)[0]
           ^^^^^^^^^^^^^^^^^^^^^^^^^^^^^^^^^^^^^^^^^^^^^^^^^^^^^^^
UnicodeEncodeError: 'charmap' codec can't encode character '\U0001f512' in position 33: character maps to <undefined>
Call stack:
  File "C:\Users\Smoke\Downloads\BTCsoloApp\tests\installer\final_integration_test.py", line 1041, in <module>
    main()
  File "C:\Users\Smoke\Downloads\BTCsoloApp\tests\installer\final_integration_test.py", line 1007, in main
    results = tester.run_comprehensive_testing()
  File "C:\Users\Smoke\Downloads\BTCsoloApp\tests\installer\final_integration_test.py", line 83, in run_comprehensive_testing
    logger.info("\U0001f512 Running security scanning and audit preparation...")
Message: '\U0001f512 Running security scanning and audit preparation...'
Arguments: ()
2025-09-16 20:31:01,741 - INFO - \U0001f512 Running security scanning and audit preparation...
--- Logging error ---
Traceback (most recent call last):
  File "C:\Program Files\WindowsApps\PythonSoftwareFoundation.Python.3.12_3.12.2800.0_x64__qbz5n2kfra8p0\Lib\logging\__init__.py", line 1163, 
in emit
    stream.write(msg + self.terminator)
  File "C:\Program Files\WindowsApps\PythonSoftwareFoundation.Python.3.12_3.12.2800.0_x64__qbz5n2kfra8p0\Lib\encodings\cp1252.py", line 19, in 
encode
    return codecs.charmap_encode(input,self.errors,encoding_table)[0]
           ^^^^^^^^^^^^^^^^^^^^^^^^^^^^^^^^^^^^^^^^^^^^^^^^^^^^^^^
UnicodeEncodeError: 'charmap' codec can't encode character '\U0001f512' in position 33: character maps to <undefined>
Call stack:
  File "C:\Users\Smoke\Downloads\BTCsoloApp\tests\installer\final_integration_test.py", line 1041, in <module>
    main()
  File "C:\Users\Smoke\Downloads\BTCsoloApp\tests\installer\final_integration_test.py", line 1007, in main
    results = tester.run_comprehensive_testing()
  File "C:\Users\Smoke\Downloads\BTCsoloApp\tests\installer\final_integration_test.py", line 84, in run_comprehensive_testing
    security_results = self._run_security_scanning()
  File "C:\Users\Smoke\Downloads\BTCsoloApp\tests\installer\final_integration_test.py", line 499, in _run_security_scanning
    logger.info(f"\U0001f512 Running {scan_type}...")
Message: '\U0001f512 Running dependency_scan...'
Arguments: ()
2025-09-16 20:31:01,742 - INFO - \U0001f512 Running dependency_scan...
--- Logging error ---
Traceback (most recent call last):
  File "C:\Program Files\WindowsApps\PythonSoftwareFoundation.Python.3.12_3.12.2800.0_x64__qbz5n2kfra8p0\Lib\logging\__init__.py", line 1163, 
in emit
    stream.write(msg + self.terminator)
  File "C:\Program Files\WindowsApps\PythonSoftwareFoundation.Python.3.12_3.12.2800.0_x64__qbz5n2kfra8p0\Lib\encodings\cp1252.py", line 19, in 
encode
    return codecs.charmap_encode(input,self.errors,encoding_table)[0]
           ^^^^^^^^^^^^^^^^^^^^^^^^^^^^^^^^^^^^^^^^^^^^^^^^^^^^^^^
UnicodeEncodeError: 'charmap' codec can't encode character '\U0001f512' in position 33: character maps to <undefined>
Call stack:
  File "C:\Users\Smoke\Downloads\BTCsoloApp\tests\installer\final_integration_test.py", line 1041, in <module>
    main()
  File "C:\Users\Smoke\Downloads\BTCsoloApp\tests\installer\final_integration_test.py", line 1007, in main
    results = tester.run_comprehensive_testing()
  File "C:\Users\Smoke\Downloads\BTCsoloApp\tests\installer\final_integration_test.py", line 84, in run_comprehensive_testing
    security_results = self._run_security_scanning()
  File "C:\Users\Smoke\Downloads\BTCsoloApp\tests\installer\final_integration_test.py", line 499, in _run_security_scanning
    logger.info(f"\U0001f512 Running {scan_type}...")
Message: '\U0001f512 Running code_analysis...'
Arguments: ()
2025-09-16 20:31:01,744 - INFO - \U0001f512 Running code_analysis...
--- Logging error ---
Traceback (most recent call last):
  File "C:\Program Files\WindowsApps\PythonSoftwareFoundation.Python.3.12_3.12.2800.0_x64__qbz5n2kfra8p0\Lib\logging\__init__.py", line 1163, 
in emit
    stream.write(msg + self.terminator)
  File "C:\Program Files\WindowsApps\PythonSoftwareFoundation.Python.3.12_3.12.2800.0_x64__qbz5n2kfra8p0\Lib\encodings\cp1252.py", line 19, in 
encode
    return codecs.charmap_encode(input,self.errors,encoding_table)[0]
           ^^^^^^^^^^^^^^^^^^^^^^^^^^^^^^^^^^^^^^^^^^^^^^^^^^^^^^^
UnicodeEncodeError: 'charmap' codec can't encode character '\U0001f512' in position 33: character maps to <undefined>
Call stack:
  File "C:\Users\Smoke\Downloads\BTCsoloApp\tests\installer\final_integration_test.py", line 1041, in <module>
    main()
  File "C:\Users\Smoke\Downloads\BTCsoloApp\tests\installer\final_integration_test.py", line 1007, in main
    results = tester.run_comprehensive_testing()
  File "C:\Users\Smoke\Downloads\BTCsoloApp\tests\installer\final_integration_test.py", line 84, in run_comprehensive_testing
    security_results = self._run_security_scanning()
  File "C:\Users\Smoke\Downloads\BTCsoloApp\tests\installer\final_integration_test.py", line 499, in _run_security_scanning
    logger.info(f"\U0001f512 Running {scan_type}...")
Message: '\U0001f512 Running workflow_security...'
Arguments: ()
2025-09-16 20:31:01,745 - INFO - \U0001f512 Running workflow_security...
--- Logging error ---
Traceback (most recent call last):
  File "C:\Program Files\WindowsApps\PythonSoftwareFoundation.Python.3.12_3.12.2800.0_x64__qbz5n2kfra8p0\Lib\logging\__init__.py", line 1163, 
in emit
    stream.write(msg + self.terminator)
  File "C:\Program Files\WindowsApps\PythonSoftwareFoundation.Python.3.12_3.12.2800.0_x64__qbz5n2kfra8p0\Lib\encodings\cp1252.py", line 19, in 
encode
    return codecs.charmap_encode(input,self.errors,encoding_table)[0]
           ^^^^^^^^^^^^^^^^^^^^^^^^^^^^^^^^^^^^^^^^^^^^^^^^^^^^^^^
UnicodeEncodeError: 'charmap' codec can't encode character '\U0001f512' in position 33: character maps to <undefined>
Call stack:
  File "C:\Users\Smoke\Downloads\BTCsoloApp\tests\installer\final_integration_test.py", line 1041, in <module>
    main()
  File "C:\Users\Smoke\Downloads\BTCsoloApp\tests\installer\final_integration_test.py", line 1007, in main
    results = tester.run_comprehensive_testing()
  File "C:\Users\Smoke\Downloads\BTCsoloApp\tests\installer\final_integration_test.py", line 84, in run_comprehensive_testing
    security_results = self._run_security_scanning()
  File "C:\Users\Smoke\Downloads\BTCsoloApp\tests\installer\final_integration_test.py", line 499, in _run_security_scanning
    logger.info(f"\U0001f512 Running {scan_type}...")
Message: '\U0001f512 Running audit_preparation...'
Arguments: ()
2025-09-16 20:31:01,750 - INFO - \U0001f512 Running audit_preparation...
--- Logging error ---
Traceback (most recent call last):
  File "C:\Program Files\WindowsApps\PythonSoftwareFoundation.Python.3.12_3.12.2800.0_x64__qbz5n2kfra8p0\Lib\logging\__init__.py", line 1163, 
in emit
    stream.write(msg + self.terminator)
  File "C:\Program Files\WindowsApps\PythonSoftwareFoundation.Python.3.12_3.12.2800.0_x64__qbz5n2kfra8p0\Lib\encodings\cp1252.py", line 19, in 
encode
    return codecs.charmap_encode(input,self.errors,encoding_table)[0]
           ^^^^^^^^^^^^^^^^^^^^^^^^^^^^^^^^^^^^^^^^^^^^^^^^^^^^^^^
UnicodeEncodeError: 'charmap' codec can't encode character '\U0001f4da' in position 33: character maps to <undefined>
Call stack:
  File "C:\Users\Smoke\Downloads\BTCsoloApp\tests\installer\final_integration_test.py", line 1041, in <module>
    main()
  File "C:\Users\Smoke\Downloads\BTCsoloApp\tests\installer\final_integration_test.py", line 1007, in main
    results = tester.run_comprehensive_testing()
  File "C:\Users\Smoke\Downloads\BTCsoloApp\tests\installer\final_integration_test.py", line 88, in run_comprehensive_testing
    logger.info("\U0001f4da Validating documentation accuracy...")
Message: '\U0001f4da Validating documentation accuracy...'
Arguments: ()
2025-09-16 20:31:01,752 - INFO - \U0001f4da Validating documentation accuracy...
--- Logging error ---
Traceback (most recent call last):
  File "C:\Program Files\WindowsApps\PythonSoftwareFoundation.Python.3.12_3.12.2800.0_x64__qbz5n2kfra8p0\Lib\logging\__init__.py", line 1163, 
in emit
    stream.write(msg + self.terminator)
  File "C:\Program Files\WindowsApps\PythonSoftwareFoundation.Python.3.12_3.12.2800.0_x64__qbz5n2kfra8p0\Lib\encodings\cp1252.py", line 19, in 
encode
    return codecs.charmap_encode(input,self.errors,encoding_table)[0]
           ^^^^^^^^^^^^^^^^^^^^^^^^^^^^^^^^^^^^^^^^^^^^^^^^^^^^^^^
UnicodeEncodeError: 'charmap' codec can't encode character '\U0001f4da' in position 33: character maps to <undefined>
Call stack:
  File "C:\Users\Smoke\Downloads\BTCsoloApp\tests\installer\final_integration_test.py", line 1041, in <module>
    main()
  File "C:\Users\Smoke\Downloads\BTCsoloApp\tests\installer\final_integration_test.py", line 1007, in main
    results = tester.run_comprehensive_testing()
  File "C:\Users\Smoke\Downloads\BTCsoloApp\tests\installer\final_integration_test.py", line 89, in run_comprehensive_testing
    documentation_results = self._validate_documentation()
  File "C:\Users\Smoke\Downloads\BTCsoloApp\tests\installer\final_integration_test.py", line 614, in _validate_documentation
    logger.info(f"\U0001f4da Validating {doc_path}...")
Message: '\U0001f4da Validating README.md...'
Arguments: ()
2025-09-16 20:31:01,753 - INFO - \U0001f4da Validating README.md...
--- Logging error ---
Traceback (most recent call last):
  File "C:\Program Files\WindowsApps\PythonSoftwareFoundation.Python.3.12_3.12.2800.0_x64__qbz5n2kfra8p0\Lib\logging\__init__.py", line 1163, 
in emit
    stream.write(msg + self.terminator)
  File "C:\Program Files\WindowsApps\PythonSoftwareFoundation.Python.3.12_3.12.2800.0_x64__qbz5n2kfra8p0\Lib\encodings\cp1252.py", line 19, in 
encode
    return codecs.charmap_encode(input,self.errors,encoding_table)[0]
           ^^^^^^^^^^^^^^^^^^^^^^^^^^^^^^^^^^^^^^^^^^^^^^^^^^^^^^^
UnicodeEncodeError: 'charmap' codec can't encode character '\U0001f4da' in position 33: character maps to <undefined>
Call stack:
  File "C:\Users\Smoke\Downloads\BTCsoloApp\tests\installer\final_integration_test.py", line 1041, in <module>
    main()
  File "C:\Users\Smoke\Downloads\BTCsoloApp\tests\installer\final_integration_test.py", line 1007, in main
    results = tester.run_comprehensive_testing()
  File "C:\Users\Smoke\Downloads\BTCsoloApp\tests\installer\final_integration_test.py", line 89, in run_comprehensive_testing
    documentation_results = self._validate_documentation()
  File "C:\Users\Smoke\Downloads\BTCsoloApp\tests\installer\final_integration_test.py", line 614, in _validate_documentation
    logger.info(f"\U0001f4da Validating {doc_path}...")
Message: '\U0001f4da Validating CONTRIBUTING.md...'
Arguments: ()
2025-09-16 20:31:01,755 - INFO - \U0001f4da Validating CONTRIBUTING.md...
--- Logging error ---
Traceback (most recent call last):
  File "C:\Program Files\WindowsApps\PythonSoftwareFoundation.Python.3.12_3.12.2800.0_x64__qbz5n2kfra8p0\Lib\logging\__init__.py", line 1163, 
in emit
    stream.write(msg + self.terminator)
  File "C:\Program Files\WindowsApps\PythonSoftwareFoundation.Python.3.12_3.12.2800.0_x64__qbz5n2kfra8p0\Lib\encodings\cp1252.py", line 19, in 
encode
    return codecs.charmap_encode(input,self.errors,encoding_table)[0]
           ^^^^^^^^^^^^^^^^^^^^^^^^^^^^^^^^^^^^^^^^^^^^^^^^^^^^^^^
UnicodeEncodeError: 'charmap' codec can't encode character '\U0001f4da' in position 33: character maps to <undefined>
Call stack:
  File "C:\Users\Smoke\Downloads\BTCsoloApp\tests\installer\final_integration_test.py", line 1041, in <module>
    main()
  File "C:\Users\Smoke\Downloads\BTCsoloApp\tests\installer\final_integration_test.py", line 1007, in main
    results = tester.run_comprehensive_testing()
  File "C:\Users\Smoke\Downloads\BTCsoloApp\tests\installer\final_integration_test.py", line 89, in run_comprehensive_testing
    documentation_results = self._validate_documentation()
  File "C:\Users\Smoke\Downloads\BTCsoloApp\tests\installer\final_integration_test.py", line 614, in _validate_documentation
    logger.info(f"\U0001f4da Validating {doc_path}...")
Message: '\U0001f4da Validating docs/installation/...'
Arguments: ()
2025-09-16 20:31:01,756 - INFO - \U0001f4da Validating docs/installation/...
--- Logging error ---
Traceback (most recent call last):
  File "C:\Program Files\WindowsApps\PythonSoftwareFoundation.Python.3.12_3.12.2800.0_x64__qbz5n2kfra8p0\Lib\logging\__init__.py", line 1163, 
in emit
    stream.write(msg + self.terminator)
  File "C:\Program Files\WindowsApps\PythonSoftwareFoundation.Python.3.12_3.12.2800.0_x64__qbz5n2kfra8p0\Lib\encodings\cp1252.py", line 19, in 
encode
    return codecs.charmap_encode(input,self.errors,encoding_table)[0]
           ^^^^^^^^^^^^^^^^^^^^^^^^^^^^^^^^^^^^^^^^^^^^^^^^^^^^^^^
UnicodeEncodeError: 'charmap' codec can't encode character '\U0001f4da' in position 33: character maps to <undefined>
Call stack:
  File "C:\Users\Smoke\Downloads\BTCsoloApp\tests\installer\final_integration_test.py", line 1041, in <module>
    main()
  File "C:\Users\Smoke\Downloads\BTCsoloApp\tests\installer\final_integration_test.py", line 1007, in main
    results = tester.run_comprehensive_testing()
  File "C:\Users\Smoke\Downloads\BTCsoloApp\tests\installer\final_integration_test.py", line 89, in run_comprehensive_testing
    documentation_results = self._validate_documentation()
  File "C:\Users\Smoke\Downloads\BTCsoloApp\tests\installer\final_integration_test.py", line 614, in _validate_documentation
    logger.info(f"\U0001f4da Validating {doc_path}...")
Message: '\U0001f4da Validating docs/BUILD.md...'
Arguments: ()
2025-09-16 20:31:01,760 - INFO - \U0001f4da Validating docs/BUILD.md...
--- Logging error ---
Traceback (most recent call last):
  File "C:\Program Files\WindowsApps\PythonSoftwareFoundation.Python.3.12_3.12.2800.0_x64__qbz5n2kfra8p0\Lib\logging\__init__.py", line 1163, 
in emit
    stream.write(msg + self.terminator)
  File "C:\Program Files\WindowsApps\PythonSoftwareFoundation.Python.3.12_3.12.2800.0_x64__qbz5n2kfra8p0\Lib\encodings\cp1252.py", line 19, in 
encode
    return codecs.charmap_encode(input,self.errors,encoding_table)[0]
           ^^^^^^^^^^^^^^^^^^^^^^^^^^^^^^^^^^^^^^^^^^^^^^^^^^^^^^^
UnicodeEncodeError: 'charmap' codec can't encode character '\U0001f4da' in position 33: character maps to <undefined>
Call stack:
  File "C:\Users\Smoke\Downloads\BTCsoloApp\tests\installer\final_integration_test.py", line 1041, in <module>
    main()
  File "C:\Users\Smoke\Downloads\BTCsoloApp\tests\installer\final_integration_test.py", line 1007, in main
    results = tester.run_comprehensive_testing()
  File "C:\Users\Smoke\Downloads\BTCsoloApp\tests\installer\final_integration_test.py", line 89, in run_comprehensive_testing
    documentation_results = self._validate_documentation()
  File "C:\Users\Smoke\Downloads\BTCsoloApp\tests\installer\final_integration_test.py", line 614, in _validate_documentation
    logger.info(f"\U0001f4da Validating {doc_path}...")
Message: '\U0001f4da Validating verification/COMMUNITY_VERIFICATION_GUIDE.md...'
Arguments: ()
2025-09-16 20:31:01,762 - INFO - \U0001f4da Validating verification/COMMUNITY_VERIFICATION_GUIDE.md...
--- Logging error ---
Traceback (most recent call last):
  File "C:\Program Files\WindowsApps\PythonSoftwareFoundation.Python.3.12_3.12.2800.0_x64__qbz5n2kfra8p0\Lib\logging\__init__.py", line 1163, 
in emit
    stream.write(msg + self.terminator)
  File "C:\Program Files\WindowsApps\PythonSoftwareFoundation.Python.3.12_3.12.2800.0_x64__qbz5n2kfra8p0\Lib\encodings\cp1252.py", line 19, in 
encode
    return codecs.charmap_encode(input,self.errors,encoding_table)[0]
           ^^^^^^^^^^^^^^^^^^^^^^^^^^^^^^^^^^^^^^^^^^^^^^^^^^^^^^^
UnicodeEncodeError: 'charmap' codec can't encode characters in position 33-34: character maps to <undefined>
Call stack:
  File "C:\Users\Smoke\Downloads\BTCsoloApp\tests\installer\final_integration_test.py", line 1041, in <module>
    main()
  File "C:\Users\Smoke\Downloads\BTCsoloApp\tests\installer\final_integration_test.py", line 1007, in main
    results = tester.run_comprehensive_testing()
  File "C:\Users\Smoke\Downloads\BTCsoloApp\tests\installer\final_integration_test.py", line 93, in run_comprehensive_testing
    logger.info("\u2699\ufe0f Validating CI/CD pipeline...")
Message: '\u2699\ufe0f Validating CI/CD pipeline...'
Arguments: ()
2025-09-16 20:31:01,764 - INFO - \u2699\ufe0f Validating CI/CD pipeline...
--- Logging error ---
Traceback (most recent call last):
  File "C:\Program Files\WindowsApps\PythonSoftwareFoundation.Python.3.12_3.12.2800.0_x64__qbz5n2kfra8p0\Lib\logging\__init__.py", line 1163, 
in emit
    stream.write(msg + self.terminator)
  File "C:\Program Files\WindowsApps\PythonSoftwareFoundation.Python.3.12_3.12.2800.0_x64__qbz5n2kfra8p0\Lib\encodings\cp1252.py", line 19, in 
encode
    return codecs.charmap_encode(input,self.errors,encoding_table)[0]
           ^^^^^^^^^^^^^^^^^^^^^^^^^^^^^^^^^^^^^^^^^^^^^^^^^^^^^^^
UnicodeEncodeError: 'charmap' codec can't encode characters in position 33-34: character maps to <undefined>
Call stack:
  File "C:\Users\Smoke\Downloads\BTCsoloApp\tests\installer\final_integration_test.py", line 1041, in <module>
    main()
  File "C:\Users\Smoke\Downloads\BTCsoloApp\tests\installer\final_integration_test.py", line 1007, in main
    results = tester.run_comprehensive_testing()
  File "C:\Users\Smoke\Downloads\BTCsoloApp\tests\installer\final_integration_test.py", line 94, in run_comprehensive_testing
    pipeline_results = self._validate_cicd_pipeline()
  File "C:\Users\Smoke\Downloads\BTCsoloApp\tests\installer\final_integration_test.py", line 699, in _validate_cicd_pipeline
    logger.info(f"\u2699\ufe0f Validating {workflow_name}...")
Message: '\u2699\ufe0f Validating build-installers.yml...'
Arguments: ()
2025-09-16 20:31:01,765 - INFO - \u2699\ufe0f Validating build-installers.yml...
--- Logging error ---
Traceback (most recent call last):
  File "C:\Program Files\WindowsApps\PythonSoftwareFoundation.Python.3.12_3.12.2800.0_x64__qbz5n2kfra8p0\Lib\logging\__init__.py", line 1163, 
in emit
    stream.write(msg + self.terminator)
  File "C:\Program Files\WindowsApps\PythonSoftwareFoundation.Python.3.12_3.12.2800.0_x64__qbz5n2kfra8p0\Lib\encodings\cp1252.py", line 19, in 
encode
    return codecs.charmap_encode(input,self.errors,encoding_table)[0]
           ^^^^^^^^^^^^^^^^^^^^^^^^^^^^^^^^^^^^^^^^^^^^^^^^^^^^^^^
UnicodeEncodeError: 'charmap' codec can't encode characters in position 33-34: character maps to <undefined>
Call stack:
  File "C:\Users\Smoke\Downloads\BTCsoloApp\tests\installer\final_integration_test.py", line 1041, in <module>
    main()
  File "C:\Users\Smoke\Downloads\BTCsoloApp\tests\installer\final_integration_test.py", line 1007, in main
    results = tester.run_comprehensive_testing()
  File "C:\Users\Smoke\Downloads\BTCsoloApp\tests\installer\final_integration_test.py", line 94, in run_comprehensive_testing
    pipeline_results = self._validate_cicd_pipeline()
  File "C:\Users\Smoke\Downloads\BTCsoloApp\tests\installer\final_integration_test.py", line 699, in _validate_cicd_pipeline
    logger.info(f"\u2699\ufe0f Validating {workflow_name}...")
Message: '\u2699\ufe0f Validating comprehensive-installer-testing.yml...'
Arguments: ()
2025-09-16 20:31:01,874 - INFO - \u2699\ufe0f Validating comprehensive-installer-testing.yml...
--- Logging error ---
Traceback (most recent call last):
  File "C:\Program Files\WindowsApps\PythonSoftwareFoundation.Python.3.12_3.12.2800.0_x64__qbz5n2kfra8p0\Lib\logging\__init__.py", line 1163, 
in emit
    stream.write(msg + self.terminator)
  File "C:\Program Files\WindowsApps\PythonSoftwareFoundation.Python.3.12_3.12.2800.0_x64__qbz5n2kfra8p0\Lib\encodings\cp1252.py", line 19, in 
encode
    return codecs.charmap_encode(input,self.errors,encoding_table)[0]
           ^^^^^^^^^^^^^^^^^^^^^^^^^^^^^^^^^^^^^^^^^^^^^^^^^^^^^^^
UnicodeEncodeError: 'charmap' codec can't encode characters in position 33-34: character maps to <undefined>
Call stack:
  File "C:\Users\Smoke\Downloads\BTCsoloApp\tests\installer\final_integration_test.py", line 1041, in <module>
    main()
  File "C:\Users\Smoke\Downloads\BTCsoloApp\tests\installer\final_integration_test.py", line 1007, in main
    results = tester.run_comprehensive_testing()
  File "C:\Users\Smoke\Downloads\BTCsoloApp\tests\installer\final_integration_test.py", line 94, in run_comprehensive_testing
    pipeline_results = self._validate_cicd_pipeline()
  File "C:\Users\Smoke\Downloads\BTCsoloApp\tests\installer\final_integration_test.py", line 699, in _validate_cicd_pipeline
    logger.info(f"\u2699\ufe0f Validating {workflow_name}...")
Message: '\u2699\ufe0f Validating security-scan.yml...'
Arguments: ()
2025-09-16 20:31:01,909 - INFO - \u2699\ufe0f Validating security-scan.yml...
--- Logging error ---
Traceback (most recent call last):
  File "C:\Program Files\WindowsApps\PythonSoftwareFoundation.Python.3.12_3.12.2800.0_x64__qbz5n2kfra8p0\Lib\logging\__init__.py", line 1163, 
in emit
    stream.write(msg + self.terminator)
  File "C:\Program Files\WindowsApps\PythonSoftwareFoundation.Python.3.12_3.12.2800.0_x64__qbz5n2kfra8p0\Lib\encodings\cp1252.py", line 19, in 
encode
    return codecs.charmap_encode(input,self.errors,encoding_table)[0]
           ^^^^^^^^^^^^^^^^^^^^^^^^^^^^^^^^^^^^^^^^^^^^^^^^^^^^^^^
UnicodeEncodeError: 'charmap' codec can't encode characters in position 33-34: character maps to <undefined>
Call stack:
  File "C:\Users\Smoke\Downloads\BTCsoloApp\tests\installer\final_integration_test.py", line 1041, in <module>
    main()
  File "C:\Users\Smoke\Downloads\BTCsoloApp\tests\installer\final_integration_test.py", line 1007, in main
    results = tester.run_comprehensive_testing()
  File "C:\Users\Smoke\Downloads\BTCsoloApp\tests\installer\final_integration_test.py", line 94, in run_comprehensive_testing
    pipeline_results = self._validate_cicd_pipeline()
  File "C:\Users\Smoke\Downloads\BTCsoloApp\tests\installer\final_integration_test.py", line 699, in _validate_cicd_pipeline
    logger.info(f"\u2699\ufe0f Validating {workflow_name}...")
Message: '\u2699\ufe0f Validating test-installers.yml...'
Arguments: ()
2025-09-16 20:31:01,927 - INFO - \u2699\ufe0f Validating test-installers.yml...
--- Logging error ---
Traceback (most recent call last):
  File "C:\Program Files\WindowsApps\PythonSoftwareFoundation.Python.3.12_3.12.2800.0_x64__qbz5n2kfra8p0\Lib\logging\__init__.py", line 1163, 
in emit
    stream.write(msg + self.terminator)
  File "C:\Program Files\WindowsApps\PythonSoftwareFoundation.Python.3.12_3.12.2800.0_x64__qbz5n2kfra8p0\Lib\encodings\cp1252.py", line 19, in 
encode
    return codecs.charmap_encode(input,self.errors,encoding_table)[0]
           ^^^^^^^^^^^^^^^^^^^^^^^^^^^^^^^^^^^^^^^^^^^^^^^^^^^^^^^
UnicodeEncodeError: 'charmap' codec can't encode character '\U0001f3af' in position 33: character maps to <undefined>
Call stack:
  File "C:\Users\Smoke\Downloads\BTCsoloApp\tests\installer\final_integration_test.py", line 1041, in <module>
    main()
  File "C:\Users\Smoke\Downloads\BTCsoloApp\tests\installer\final_integration_test.py", line 1007, in main
    results = tester.run_comprehensive_testing()
  File "C:\Users\Smoke\Downloads\BTCsoloApp\tests\installer\final_integration_test.py", line 98, in run_comprehensive_testing
    logger.info("\U0001f3af Assessing release readiness...")
Message: '\U0001f3af Assessing release readiness...'
Arguments: ()
2025-09-16 20:31:01,934 - INFO - \U0001f3af Assessing release readiness...
--- Logging error ---
Traceback (most recent call last):
  File "C:\Program Files\WindowsApps\PythonSoftwareFoundation.Python.3.12_3.12.2800.0_x64__qbz5n2kfra8p0\Lib\logging\__init__.py", line 1163, 
in emit
    stream.write(msg + self.terminator)
  File "C:\Program Files\WindowsApps\PythonSoftwareFoundation.Python.3.12_3.12.2800.0_x64__qbz5n2kfra8p0\Lib\encodings\cp1252.py", line 19, in 
encode
    return codecs.charmap_encode(input,self.errors,encoding_table)[0]
           ^^^^^^^^^^^^^^^^^^^^^^^^^^^^^^^^^^^^^^^^^^^^^^^^^^^^^^^
UnicodeEncodeError: 'charmap' codec can't encode character '\U0001f3af' in position 33: character maps to <undefined>
Call stack:
  File "C:\Users\Smoke\Downloads\BTCsoloApp\tests\installer\final_integration_test.py", line 1041, in <module>
    main()
  File "C:\Users\Smoke\Downloads\BTCsoloApp\tests\installer\final_integration_test.py", line 1007, in main
    results = tester.run_comprehensive_testing()
  File "C:\Users\Smoke\Downloads\BTCsoloApp\tests\installer\final_integration_test.py", line 99, in run_comprehensive_testing
    self._assess_release_readiness()
  File "C:\Users\Smoke\Downloads\BTCsoloApp\tests\installer\final_integration_test.py", line 758, in _assess_release_readiness
    logger.info("\U0001f3af Assessing release readiness...")
Message: '\U0001f3af Assessing release readiness...'
Arguments: ()
2025-09-16 20:31:01,935 - INFO - \U0001f3af Assessing release readiness...
--- Logging error ---
Traceback (most recent call last):
  File "C:\Program Files\WindowsApps\PythonSoftwareFoundation.Python.3.12_3.12.2800.0_x64__qbz5n2kfra8p0\Lib\logging\__init__.py", line 1163, 
in emit
    stream.write(msg + self.terminator)
  File "C:\Program Files\WindowsApps\PythonSoftwareFoundation.Python.3.12_3.12.2800.0_x64__qbz5n2kfra8p0\Lib\encodings\cp1252.py", line 19, in 
encode
    return codecs.charmap_encode(input,self.errors,encoding_table)[0]
           ^^^^^^^^^^^^^^^^^^^^^^^^^^^^^^^^^^^^^^^^^^^^^^^^^^^^^^^
UnicodeEncodeError: 'charmap' codec can't encode character '\U0001f4ca' in position 33: character maps to <undefined>
Call stack:
  File "C:\Users\Smoke\Downloads\BTCsoloApp\tests\installer\final_integration_test.py", line 1041, in <module>
    main()
  File "C:\Users\Smoke\Downloads\BTCsoloApp\tests\installer\final_integration_test.py", line 1007, in main
    results = tester.run_comprehensive_testing()
  File "C:\Users\Smoke\Downloads\BTCsoloApp\tests\installer\final_integration_test.py", line 99, in run_comprehensive_testing
    self._assess_release_readiness()
  File "C:\Users\Smoke\Downloads\BTCsoloApp\tests\installer\final_integration_test.py", line 800, in _assess_release_readiness
    logger.info(f"\U0001f4ca Overall score: {overall_score:.1f}%")
Message: '\U0001f4ca Overall score: 100.0%'
Arguments: ()
2025-09-16 20:31:01,936 - INFO - \U0001f4ca Overall score: 100.0%
--- Logging error ---
Traceback (most recent call last):
  File "C:\Program Files\WindowsApps\PythonSoftwareFoundation.Python.3.12_3.12.2800.0_x64__qbz5n2kfra8p0\Lib\logging\__init__.py", line 1163, 
in emit
    stream.write(msg + self.terminator)
  File "C:\Program Files\WindowsApps\PythonSoftwareFoundation.Python.3.12_3.12.2800.0_x64__qbz5n2kfra8p0\Lib\encodings\cp1252.py", line 19, in 
encode
    return codecs.charmap_encode(input,self.errors,encoding_table)[0]
           ^^^^^^^^^^^^^^^^^^^^^^^^^^^^^^^^^^^^^^^^^^^^^^^^^^^^^^^
UnicodeEncodeError: 'charmap' codec can't encode character '\U0001f3af' in position 33: character maps to <undefined>
Call stack:
  File "C:\Users\Smoke\Downloads\BTCsoloApp\tests\installer\final_integration_test.py", line 1041, in <module>
    main()
  File "C:\Users\Smoke\Downloads\BTCsoloApp\tests\installer\final_integration_test.py", line 1007, in main
    results = tester.run_comprehensive_testing()
  File "C:\Users\Smoke\Downloads\BTCsoloApp\tests\installer\final_integration_test.py", line 99, in run_comprehensive_testing
    self._assess_release_readiness()
  File "C:\Users\Smoke\Downloads\BTCsoloApp\tests\installer\final_integration_test.py", line 801, in _assess_release_readiness
    logger.info(f"\U0001f3af Release readiness: {readiness_message}")
Message: '\U0001f3af Release readiness: \u2705 READY FOR RELEASE: All quality gates passed'
Arguments: ()
2025-09-16 20:31:01,937 - INFO - \U0001f3af Release readiness: \u2705 READY FOR RELEASE: All quality gates passed
--- Logging error ---
Traceback (most recent call last):
  File "C:\Program Files\WindowsApps\PythonSoftwareFoundation.Python.3.12_3.12.2800.0_x64__qbz5n2kfra8p0\Lib\logging\__init__.py", line 1163, 
in emit
    stream.write(msg + self.terminator)
  File "C:\Program Files\WindowsApps\PythonSoftwareFoundation.Python.3.12_3.12.2800.0_x64__qbz5n2kfra8p0\Lib\encodings\cp1252.py", line 19, in 
encode
    return codecs.charmap_encode(input,self.errors,encoding_table)[0]
           ^^^^^^^^^^^^^^^^^^^^^^^^^^^^^^^^^^^^^^^^^^^^^^^^^^^^^^^
UnicodeEncodeError: 'charmap' codec can't encode character '\U0001f4cb' in position 33: character maps to <undefined>
Call stack:
  File "C:\Users\Smoke\Downloads\BTCsoloApp\tests\installer\final_integration_test.py", line 1041, in <module>
    main()
  File "C:\Users\Smoke\Downloads\BTCsoloApp\tests\installer\final_integration_test.py", line 1007, in main
    results = tester.run_comprehensive_testing()
  File "C:\Users\Smoke\Downloads\BTCsoloApp\tests\installer\final_integration_test.py", line 102, in run_comprehensive_testing
    self._generate_final_summary()
  File "C:\Users\Smoke\Downloads\BTCsoloApp\tests\installer\final_integration_test.py", line 805, in _generate_final_summary
    logger.info("\U0001f4cb Generating final summary...")
Message: '\U0001f4cb Generating final summary...'
Arguments: ()
2025-09-16 20:31:01,938 - INFO - \U0001f4cb Generating final summary...
--- Logging error ---
Traceback (most recent call last):
  File "C:\Program Files\WindowsApps\PythonSoftwareFoundation.Python.3.12_3.12.2800.0_x64__qbz5n2kfra8p0\Lib\logging\__init__.py", line 1163, 
in emit
    stream.write(msg + self.terminator)
  File "C:\Program Files\WindowsApps\PythonSoftwareFoundation.Python.3.12_3.12.2800.0_x64__qbz5n2kfra8p0\Lib\encodings\cp1252.py", line 19, in 
encode
    return codecs.charmap_encode(input,self.errors,encoding_table)[0]
           ^^^^^^^^^^^^^^^^^^^^^^^^^^^^^^^^^^^^^^^^^^^^^^^^^^^^^^^
UnicodeEncodeError: 'charmap' codec can't encode character '\u2705' in position 33: character maps to <undefined>
Call stack:
  File "C:\Users\Smoke\Downloads\BTCsoloApp\tests\installer\final_integration_test.py", line 1041, in <module>
    main()
  File "C:\Users\Smoke\Downloads\BTCsoloApp\tests\installer\final_integration_test.py", line 1007, in main
    results = tester.run_comprehensive_testing()
  File "C:\Users\Smoke\Downloads\BTCsoloApp\tests\installer\final_integration_test.py", line 104, in run_comprehensive_testing
    logger.info("\u2705 Comprehensive final integration testing completed")
Message: '\u2705 Comprehensive final integration testing completed'
Arguments: ()
2025-09-16 20:31:01,939 - INFO - \u2705 Comprehensive final integration testing completed
--- Logging error ---
Traceback (most recent call last):
  File "C:\Program Files\WindowsApps\PythonSoftwareFoundation.Python.3.12_3.12.2800.0_x64__qbz5n2kfra8p0\Lib\logging\__init__.py", line 1163, 
in emit
    stream.write(msg + self.terminator)
  File "C:\Program Files\WindowsApps\PythonSoftwareFoundation.Python.3.12_3.12.2800.0_x64__qbz5n2kfra8p0\Lib\encodings\cp1252.py", line 19, in 
encode
    return codecs.charmap_encode(input,self.errors,encoding_table)[0]
           ^^^^^^^^^^^^^^^^^^^^^^^^^^^^^^^^^^^^^^^^^^^^^^^^^^^^^^^
UnicodeEncodeError: 'charmap' codec can't encode character '\U0001f4c4' in position 33: character maps to <undefined>
Call stack:
  File "C:\Users\Smoke\Downloads\BTCsoloApp\tests\installer\final_integration_test.py", line 1041, in <module>
    main()
  File "C:\Users\Smoke\Downloads\BTCsoloApp\tests\installer\final_integration_test.py", line 1010, in main
    results_file = tester.save_results()
  File "C:\Users\Smoke\Downloads\BTCsoloApp\tests\installer\final_integration_test.py", line 879, in save_results
    logger.info(f"\U0001f4c4 Test results saved to {output_file}")
Message: '\U0001f4c4 Test results saved to 
C:\\Users\\Smoke\\Downloads\\BTCsoloApp\\tests\\installer\\results\\final_integration_test_20250916_203101.json'
Arguments: ()
2025-09-16 20:31:01,942 - INFO - \U0001f4c4 Test results saved to 
C:\Users\Smoke\Downloads\BTCsoloApp\tests\installer\results\final_integration_test_20250916_203101.json
--- Logging error ---
Traceback (most recent call last):
  File "C:\Users\Smoke\Downloads\BTCsoloApp\tests\installer\final_integration_test.py", line 1013, in main
    report = tester.generate_report()
             ^^^^^^^^^^^^^^^^^^^^^^^^
  File "C:\Users\Smoke\Downloads\BTCsoloApp\tests\installer\final_integration_test.py", line 971, in generate_report
    f.write(report)
  File "C:\Program Files\WindowsApps\PythonSoftwareFoundation.Python.3.12_3.12.2800.0_x64__qbz5n2kfra8p0\Lib\encodings\cp1252.py", line 19, in 
encode
    return codecs.charmap_encode(input,self.errors,encoding_table)[0]
           ^^^^^^^^^^^^^^^^^^^^^^^^^^^^^^^^^^^^^^^^^^^^^^^^^^^^^^^
UnicodeEncodeError: 'charmap' codec can't encode character '\u2705' in position 132: character maps to <undefined>

During handling of the above exception, another exception occurred:

Traceback (most recent call last):
  File "C:\Program Files\WindowsApps\PythonSoftwareFoundation.Python.3.12_3.12.2800.0_x64__qbz5n2kfra8p0\Lib\logging\__init__.py", line 1163, 
in emit
    stream.write(msg + self.terminator)
  File "C:\Program Files\WindowsApps\PythonSoftwareFoundation.Python.3.12_3.12.2800.0_x64__qbz5n2kfra8p0\Lib\encodings\cp1252.py", line 19, in 
encode
    return codecs.charmap_encode(input,self.errors,encoding_table)[0]
           ^^^^^^^^^^^^^^^^^^^^^^^^^^^^^^^^^^^^^^^^^^^^^^^^^^^^^^^
UnicodeEncodeError: 'charmap' codec can't encode character '\u274c' in position 34: character maps to <undefined>
Call stack:
  File "C:\Users\Smoke\Downloads\BTCsoloApp\tests\installer\final_integration_test.py", line 1041, in <module>
    main()
  File "C:\Users\Smoke\Downloads\BTCsoloApp\tests\installer\final_integration_test.py", line 1037, in main
    logger.error(f"\u274c Testing failed with error: {e}")
Message: "\u274c Testing failed with error: 'charmap' codec can't encode character '\\u2705' in position 132: character maps to <undefined>"
Arguments: ()
2025-09-16 20:31:01,945 - ERROR - \u274c Testing failed with error: 'charmap' codec can't encode character '\u2705' in position 132: character 
maps to <undefined>
